// Jest Snapshot v1, https://goo.gl/fbAQLP

exports[`renders a .success by default 1`] = `<Fragment />`;
