// Jest Snapshot v1, https://goo.gl/fbAQLP

exports[`renders a .Nav by default 1`] = `
<Content
  className="Nav"
>
  <Link
    to="/"
  >
    Home
  </Link>
  <Link
    to="/search"
  >
    Search
  </Link>
  <Link
    to="/add"
  >
    Add
  </Link>
</Content>
`;
