// Jest Snapshot v1, https://goo.gl/fbAQLP

exports[`renders a .delete-form by default 1`] = `<Fragment />`;
