// Jest Snapshot v1, https://goo.gl/fbAQLP

exports[`renders a .Footer by default 1`] = `
<div
  className="Footer"
>
  <p>
    Created by: 
    <a
      href="https://lmcmaaser.github.io/Portfolio/"
      target="_blank"
    >
      Lauren Maaser
    </a>
  </p>
  <p>
    Github: 
    <a
      href="https://github.com/Lmcmaaser"
      target="_blank"
    >
       Lmcmaaser
    </a>
  </p>
</div>
`;
